{
    "sarscov2 - fasta - replace": {
        "content": [
            {
                "0": [
                    [
                        {
                            "id": "test"
                        },
                        [
                            "genome.fna:md5,1a3cad6103ec69ea52bca9d46b6aa478",
                            "proteome.fasta:md5,db0ecd5dbce6bf9730685b94ec87854d"
                        ]
                    ]
                ],
                "1": [
                    "versions.yml:md5,8d27e93173ef8d4941faef6af25ba3d7"
                ],
                "fastx": [
                    [
                        {
                            "id": "test"
                        },
                        [
                            "genome.fna:md5,1a3cad6103ec69ea52bca9d46b6aa478",
                            "proteome.fasta:md5,db0ecd5dbce6bf9730685b94ec87854d"
                        ]
                    ]
                ],
                "versions": [
                    "versions.yml:md5,8d27e93173ef8d4941faef6af25ba3d7"
                ]
            }
        ],
        "meta": {
            "nf-test": "0.9.2",
            "nextflow": "24.10.4"
        },
        "timestamp": "2025-05-23T15:41:34.273717"
    }
}