{
    "-profile test": {
        "content": [
            "bracken/database-bracken.tar.gz - minimum file size: true",
            "bracken/database-kraken2/database100mers.kmer_distrib - contains string: true}",
            "bracken/database-kraken2/database100mers.kraken - contains string: true",
            "bracken/database-kraken2/database.kraken - contains string: true",
            "centrifuge/database-centrifuge.tar.gz - minimum file size: true",
            "centrifuge/database-centrifuge.1.cf - minimum file size: true",
            "centrifuge/database-centrifuge.2.cf - minimum file size: true",
            "centrifuge/database-centrifuge.3.cf - minimum file size: true",
            "centrifuge/database-centrifuge.4.cf - minimum file size: true",
            "diamond/database-diamond.tar.gz - minimum file size: true",
            "diamond/database-diamond.dmnd - minimum file size: true",
            "ganon/database-ganon.tar.gz - minimum file size: true",
            "database.hibf:md5,6459b0502321f96ec8009c633b09fc82",
            "ganon/database.tax - contains string: true",
            "kaiju/database-kaiju.tar.gz - minimum file size: true",
            "kaiju/database-kaiju.fmi - minimum file size: true",
            "kraken2/database-kraken2/hash.k2d - minimum file size: true",
            "kraken2/database-kraken2/opts.k2d - minimum file size: true",
            "taxo.k2d:md5,9eb6380ebcdd3dac42ccf3df3bbd9589",
            "krakenuniq/database-krakenuniq.tar.gz - minimum file size: false",
            "database.idx:md5,57b7f061092bffaabc4974ee3e436a26",
            "database.kdb:md5,a3b3d0f109173d8c9b06a9dba7c47152",
            "taxDB:md5,a844cdf3103490c19748e7e4c2b65d74",
            "malt/database-malt.tar.gz - minimum file size: true",
            "malt/malt-build.log - contains string: true",
            "malt/malt-build.log - contains string: true",
            "index0.idx:md5,ae0ad70b96e0f660cf9137ea1a5a2249",
            true,
            true,
            "ref.inf:md5,e758ca682a53159afce4fc87c71e2cd1",
            true,
            "taxonomy.map:md5,5bb3f2192e925bca2e61e4b54f1671e0",
            "taxonomy.tre:md5,f76fb2d5aa9b0d637234d48175841e0e",
            "malt_index/table0.db - exists: true",
            "malt_index/table0.idx - exists: true",
            "kmcp index file- minimum file size: true",
            "kmcp yml file - contains string: true",
            true,
            "kmcp/database-kmcp-index.log - contains string: true",
            "kmcp/database-kmcp.tar.gz - minimum file size: true",
            "downstream_samplesheets/databases-taxprofiler.csv - nr. lines: true"
        ],
        "meta": {
            "nf-test": "0.9.2",
            "nextflow": "25.04.2"
        },
        "timestamp": "2025-06-05T11:34:20.971286311"
    }
}